[1758546327] Starting Flask node on port 5003
 * Serving Flask app 'app'
 * Debug mode: off
[1758546354] Starting Flask node on port 5003
 * Serving Flask app 'app'
 * Debug mode: off
[1758546729] Starting Flask node on port 5003
 * Serving Flask app 'app'
 * Debug mode: off
[1758546768] Starting Flask node on port 5003
 * Serving Flask app 'app'
 * Debug mode: off
[1758609590] Starting Flask node on port 5003
 * Serving Flask app 'app'
 * Debug mode: off
[1758609775] Starting Flask node on port 5003
 * Serving Flask app 'app'
 * Debug mode: off
[1758692162] Starting Flask node on port 5003
 * Serving Flask app 'app'
 * Debug mode: off
[1758693749] Starting Flask node on port 5003
 * Serving Flask app 'app'
 * Debug mode: off
[1758694999] Starting Flask node on port 5003
 * Serving Flask app 'app'
 * Debug mode: off
[1758697026] Starting Flask node on port 5003
 * Serving Flask app 'app'
 * Debug mode: off
[1758797774] Starting Flask node on port 5003
 * Serving Flask app 'app'
 * Debug mode: off
[1763700665] Starting Flask node on port 5003
 * Serving Flask app 'app'
 * Debug mode: off
[1763706161] Starting Flask node on port 5003
 * Serving Flask app 'app'
 * Debug mode: off
[1763709265] Starting Flask node on port 5003
 * Serving Flask app 'app'
 * Debug mode: off
[1763711807] Starting Flask node on port 5003
 * Serving Flask app 'app'
 * Debug mode: off
[1763718127] Starting Flask node on port 5003
 * Serving Flask app 'app'
 * Debug mode: off
 * Serving Flask app 'app'
 * Debug mode: on
 * Serving Flask app 'app'
 * Debug mode: on
 * Serving Flask app 'app'
 * Debug mode: on
 * Serving Flask app 'app'
 * Debug mode: on
 * Serving Flask app 'app'
 * Debug mode: on
Starting Flask node on port 5003
 * Serving Flask app 'app'
 * Debug mode: off
Starting Flask node on port 5003
 * Serving Flask app 'app'
 * Debug mode: off
Starting Flask node on port 5003
 * Serving Flask app 'app'
 * Debug mode: off
Starting Flask node on port 5003
 * Serving Flask app 'app'
 * Debug mode: off
Starting Flask node on port 5003
 * Serving Flask app 'app'
 * Debug mode: off
Starting Flask node on port 5003
 * Serving Flask app 'app'
 * Debug mode: off
Starting Flask node on port 5003
 * Serving Flask app 'app'
 * Debug mode: off
Starting Flask node on port 5003
 * Serving Flask app 'app'
 * Debug mode: off
Starting Flask node on port 5003
 * Serving Flask app 'app'
 * Debug mode: off
Starting Flask node on port 5003
 * Serving Flask app 'app'
 * Debug mode: off
Starting Flask node on port 5003
 * Serving Flask app 'app'
 * Debug mode: off
Starting Flask node on port 5003
 * Serving Flask app 'app'
 * Debug mode: off
Starting Flask node on port 5003
 * Serving Flask app 'app'
 * Debug mode: off
Starting Flask node on port 5003
 * Serving Flask app 'app'
 * Debug mode: off
Starting Flask node on port 5003
 * Serving Flask app 'app'
 * Debug mode: off
Starting Flask node on port 5003
 * Serving Flask app 'app'
 * Debug mode: off
Starting Flask node on port 5003
 * Serving Flask app 'app'
 * Debug mode: off
Starting Flask node on port 5003
 * Serving Flask app 'app'
 * Debug mode: off
Starting Flask node on port 5003
 * Serving Flask app 'app'
 * Debug mode: off
Starting Flask node on port 5003
 * Serving Flask app 'app'
 * Debug mode: off
Starting Flask node on port 5003
 * Serving Flask app 'app'
 * Debug mode: off
Starting Flask node on port 5003
 * Serving Flask app 'app'
 * Debug mode: off
Starting Flask node on port 5003
 * Serving Flask app 'app'
 * Debug mode: off
Starting Flask node on port 5003
 * Serving Flask app 'app'
 * Debug mode: off
Starting Flask node on port 5003
 * Serving Flask app 'app'
 * Debug mode: off
Starting Flask node on port 5003
 * Serving Flask app 'app'
 * Debug mode: off
Starting Flask node on port 5003
 * Serving Flask app 'app'
 * Debug mode: off
Starting Flask node on port 5003
 * Serving Flask app 'app'
 * Debug mode: off
Starting Flask node on port 5003
 * Serving Flask app 'app'
 * Debug mode: off
Starting Flask node on port 5003
 * Serving Flask app 'app'
 * Debug mode: off
